[INFO] 2026-04-01 23:08:48,679 views: Password reset email requested for: chinthapallimohan19@gmail.com
[INFO] 2026-04-01 23:08:48,705 views: Password reset email dispatched to: chinthapallimohan19@gmail.com
[INFO] 2026-04-01 23:25:49,698 views: Password reset email requested for: simhadridega28@gmail.com
[INFO] 2026-04-01 23:25:49,722 views: Password reset email dispatched to: simhadridega28@gmail.com
[INFO] 2026-04-01 23:26:32,961 views: Password reset email requested for: lalithcharan111@gmail.com
[INFO] 2026-04-01 23:26:32,968 views: Password reset email dispatched to: lalithcharan111@gmail.com
[WARNING] 2026-04-01 23:27:07,807 views: Password reset requested for unknown email: hewfiudiauhi@gmail.com
[INFO] 2026-04-01 23:27:07,808 views: Password reset email dispatched to: hewfiudiauhi@gmail.com
[WARNING] 2026-04-01 23:27:23,838 views: Password reset requested for unknown email: nwifuhiuhdyhfbbdu@gmail.com
[INFO] 2026-04-01 23:27:23,841 views: Password reset email dispatched to: nwifuhiuhdyhfbbdu@gmail.com
[INFO] 2026-04-01 23:45:45,349 views: OTP generated for phone: 7989926453 | record_id: 1
[DEBUG] 2026-04-01 23:45:45,351 views: [CONSOLE] OTP for 7989926453: 523805
[INFO] 2026-04-01 23:46:20,398 views: OTP verified successfully for phone: 7989926453
[INFO] 2026-04-01 23:47:16,030 views: OTP generated for phone: 7989926453 | record_id: 2
[DEBUG] 2026-04-01 23:47:16,032 views: [CONSOLE] OTP for 7989926453: 561516
[INFO] 2026-04-01 23:50:10,174 views: OTP verified successfully for phone: 7989926453
[WARNING] 2026-04-02 00:05:01,497 views: Security question lookup for unknown identifier: qdjaeifvffvfqe
[INFO] 2026-04-02 00:11:59,605 views: New donor registered: 7386142595
[INFO] 2026-04-02 00:12:37,643 views: Security question lookup for: 7386142595
[INFO] 2026-04-02 00:13:27,875 views: Security question answered correctly for: 7386142595
[INFO] 2026-04-02 00:15:41,241 views: Password reset via security question for: 7386142595
[INFO] 2026-04-02 00:48:50,694 views: New donor registered: 741987861445665
